
> apra-pm@0.3.5 test
> node --test test/**/*.test.mjs

TAP version 13
# Subtest: ci-watcher dispatch is conditioned on prNumber (post-PR ordering)
ok 1 - ci-watcher dispatch is conditioned on prNumber (post-PR ordering)
  ---
  duration_ms: 2.8502
  type: 'test'
  ...
# Subtest: ci-watcher dispatch is inside an "if (prNumber)" guard
ok 2 - ci-watcher dispatch is inside an "if (prNumber)" guard
  ---
  duration_ms: 0.7329
  type: 'test'
  ...
# Subtest: ci-watcher prompt uses "gh run list --pr" to scope runs to the PR
ok 3 - ci-watcher prompt uses "gh run list --pr" to scope runs to the PR
  ---
  duration_ms: 0.455
  type: 'test'
  ...
# Subtest: harvest-pr prompt does not include CI status at creation time
ok 4 - harvest-pr prompt does not include CI status at creation time
  ---
  duration_ms: 0.7697
  type: 'test'
  ...
# Subtest: CI annotation uses gh pr comment (appended after PR creation)
ok 5 - CI annotation uses gh pr comment (appended after PR creation)
  ---
  duration_ms: 0.7479
  type: 'test'
  ...
# Subtest: ci-pr-annotate dispatch appears after ci-watcher dispatch in source
ok 6 - ci-pr-annotate dispatch appears after ci-watcher dispatch in source
  ---
  duration_ms: 0.4243
  type: 'test'
  ...
# Subtest: ci-watcher.md: zero runs => not_configured
ok 7 - ci-watcher.md: zero runs => not_configured
  ---
  duration_ms: 0.6385
  type: 'test'
  ...
# Subtest: ci-watcher.md: runs exist but SHA unmatched => pending, not not_configured
ok 8 - ci-watcher.md: runs exist but SHA unmatched => pending, not not_configured
  ---
  duration_ms: 0.3823
  type: 'test'
  ...
# Subtest: not_configured branch: bd search appears before bd create for CI pipeline task
ok 9 - not_configured branch: bd search appears before bd create for CI pipeline task
  ---
  duration_ms: 0.9795
  type: 'test'
  ...
# Subtest: not_configured branch: bd search is scoped to open status only
ok 10 - not_configured branch: bd search is scoped to open status only
  ---
  duration_ms: 0.9468
  type: 'test'
  ...
# Subtest: not_configured branch: already-exists log and guarded create are present
ok 11 - not_configured branch: already-exists log and guarded create are present
  ---
  duration_ms: 0.5839
  type: 'test'
  ...
# Subtest: ci-watcher.md: at least one run (any status) must NOT yield not_configured
ok 12 - ci-watcher.md: at least one run (any status) must NOT yield not_configured
  ---
  duration_ms: 0.4757
  type: 'test'
  ...
# Subtest: auto-sprint.js has PURE_FUNCTIONS_BEGIN marker
ok 13 - auto-sprint.js has PURE_FUNCTIONS_BEGIN marker
  ---
  duration_ms: 22.6049
  type: 'test'
  ...
# Subtest: auto-sprint.js has PURE_FUNCTIONS_END marker
ok 14 - auto-sprint.js has PURE_FUNCTIONS_END marker
  ---
  duration_ms: 1.2028
  type: 'test'
  ...
# Subtest: PURE_FUNCTIONS_BEGIN appears before PURE_FUNCTIONS_END
ok 15 - PURE_FUNCTIONS_BEGIN appears before PURE_FUNCTIONS_END
  ---
  duration_ms: 1.0526
  type: 'test'
  ...
# Subtest: extractCostJs produces a non-empty string
ok 16 - extractCostJs produces a non-empty string
  ---
  duration_ms: 0.3699
  type: 'test'
  ...
# Subtest: extracted cost.js is a valid CommonJS module (require succeeds)
ok 17 - extracted cost.js is a valid CommonJS module (require succeeds)
  ---
  duration_ms: 0.4882
  type: 'test'
  ...
# Subtest: cost.js exports DEFAULT_CALIBRATION as an object
ok 18 - cost.js exports DEFAULT_CALIBRATION as an object
  ---
  duration_ms: 0.4042
  type: 'test'
  ...
# Subtest: cost.js DEFAULT_CALIBRATION has schema_version field
ok 19 - cost.js DEFAULT_CALIBRATION has schema_version field
  ---
  duration_ms: 0.5517
  type: 'test'
  ...
# Subtest: cost.js exports computeSprintQuote as a function
ok 20 - cost.js exports computeSprintQuote as a function
  ---
  duration_ms: 0.2998
  type: 'test'
  ...
# Subtest: cost.js exports computeSprintAnalysis as a function
ok 21 - cost.js exports computeSprintAnalysis as a function
  ---
  duration_ms: 0.7604
  type: 'test'
  ...
# Subtest: cost.js exports computeUpdatedCalibration as a function
ok 22 - cost.js exports computeUpdatedCalibration as a function
  ---
  duration_ms: 0.8812
  type: 'test'
  ...
# Subtest: cost.js exports buildSprintSummary as a function
ok 23 - cost.js exports buildSprintSummary as a function
  ---
  duration_ms: 0.3899
  type: 'test'
  ...
# Subtest: cost.js exports accumulateBucketTokens as a function
ok 24 - cost.js exports accumulateBucketTokens as a function
  ---
  duration_ms: 0.1938
  type: 'test'
  ...
# Subtest: cost.js exports reviewerModelFor as a function
ok 25 - cost.js exports reviewerModelFor as a function
  ---
  duration_ms: 0.1683
  type: 'test'
  ...
# Subtest: computeSprintQuote via require() returns a valid quote object
ok 26 - computeSprintQuote via require() returns a valid quote object
  ---
  duration_ms: 0.8743
  type: 'test'
  ...
# Subtest: computeSprintQuote via require() total = outputOnly * inputMultiplier
ok 27 - computeSprintQuote via require() total = outputOnly * inputMultiplier
  ---
  duration_ms: 0.3417
  type: 'test'
  ...
# Subtest: reviewerModelFor via require(): premium stays premium
ok 28 - reviewerModelFor via require(): premium stays premium
  ---
  duration_ms: 0.2048
  type: 'test'
  ...
# Subtest: reviewerModelFor via require(): cheap escalates to standard
ok 29 - reviewerModelFor via require(): cheap escalates to standard
  ---
  duration_ms: 0.1987
  type: 'test'
  ...
# Subtest: DEFAULT_CALIBRATION via require() has tier-name price keys
ok 30 - DEFAULT_CALIBRATION via require() has tier-name price keys
  ---
  duration_ms: 0.4937
  type: 'test'
  ...
# Subtest: extractCostJs returns null when markers are absent
ok 31 - extractCostJs returns null when markers are absent
  ---
  duration_ms: 0.2032
  type: 'test'
  ...
# Subtest: type:meta JSONL entry is written before the sprint loop
ok 32 - type:meta JSONL entry is written before the sprint loop
  ---
  duration_ms: 2.6538
  type: 'test'
  ...
# Subtest: sprint-meta dispatch embeds type:"meta" in the JSONL line
ok 33 - sprint-meta dispatch embeds type:"meta" in the JSONL line
  ---
  duration_ms: 0.7386
  type: 'test'
  ...
# Subtest: per-cycle checkpoint uses type "cycle-start" (not "meta")
ok 34 - per-cycle checkpoint uses type "cycle-start" (not "meta")
  ---
  duration_ms: 0.5971
  type: 'test'
  ...
# Subtest: cycle-checkpoint JSON includes "cycle" field (per-cycle counter)
ok 35 - cycle-checkpoint JSON includes "cycle" field (per-cycle counter)
  ---
  duration_ms: 0.3534
  type: 'test'
  ...
# Subtest: cycle-checkpoint dispatch and checkCycleState run in parallel (Promise.all or parallel())
ok 36 - cycle-checkpoint dispatch and checkCycleState run in parallel (Promise.all or parallel())
  ---
  duration_ms: 0.6855
  type: 'test'
  ...
# Subtest: checkCycleState is called inside the same parallel block as cycle-checkpoint dispatch
ok 37 - checkCycleState is called inside the same parallel block as cycle-checkpoint dispatch
  ---
  duration_ms: 0.4845
  type: 'test'
  ...
# Subtest: type:"meta" entry is written exactly once in source (one-time before loop)
ok 38 - type:"meta" entry is written exactly once in source (one-time before loop)
  ---
  duration_ms: 0.6538
  type: 'test'
  ...
# Subtest: labelTaskIds: single id returns that id
ok 39 - labelTaskIds: single id returns that id
  ---
  duration_ms: 2.7804
  type: 'test'
  ...
# Subtest: labelTaskIds: two ids returns both joined by space
ok 40 - labelTaskIds: two ids returns both joined by space
  ---
  duration_ms: 0.4645
  type: 'test'
  ...
# Subtest: labelTaskIds: three ids returns all three joined by space
ok 41 - labelTaskIds: three ids returns all three joined by space
  ---
  duration_ms: 0.3548
  type: 'test'
  ...
# Subtest: labelTaskIds: four ids shows first 3 plus +1more
ok 42 - labelTaskIds: four ids shows first 3 plus +1more
  ---
  duration_ms: 0.4787
  type: 'test'
  ...
# Subtest: labelTaskIds: five ids shows first 3 plus +2more
ok 43 - labelTaskIds: five ids shows first 3 plus +2more
  ---
  duration_ms: 0.7891
  type: 'test'
  ...
# Subtest: labelTaskIds: empty array returns empty string
ok 44 - labelTaskIds: empty array returns empty string
  ---
  duration_ms: 0.2806
  type: 'test'
  ...
# Subtest: source has a log() before doer dispatch referencing streak ids and an estimate
ok 45 - source has a log() before doer dispatch referencing streak ids and an estimate
  ---
  duration_ms: 0.5697
  type: 'test'
  ...
# Subtest: source has a per-iteration log() with remaining/ready counts
ok 46 - source has a per-iteration log() with remaining/ready counts
  ---
  duration_ms: 0.3528
  type: 'test'
  ...
# Subtest: source has a post-verdict log() with reviewer verdict and ids
ok 47 - source has a post-verdict log() with reviewer verdict and ids
  ---
  duration_ms: 0.8043
  type: 'test'
  ...
# Subtest: doer label template string uses labelTaskIds(fittedIds)
ok 48 - doer label template string uses labelTaskIds(fittedIds)
  ---
  duration_ms: 0.9621
  type: 'test'
  ...
# Subtest: reviewer label template string uses labelTaskIds(workedIds)
ok 49 - reviewer label template string uses labelTaskIds(workedIds)
  ---
  duration_ms: 0.4898
  type: 'test'
  ...
# Subtest: doer.md instructs closing each task with bd close before the next task
ok 50 - doer.md instructs closing each task with bd close before the next task
  ---
  duration_ms: 2.9507
  type: 'test'
  ...
# Subtest: doer.md has JIT-close rule in the Rules section
ok 51 - doer.md has JIT-close rule in the Rules section
  ---
  duration_ms: 0.8332
  type: 'test'
  ...
# Subtest: doer dispatch prompt (doer-c label) contains "bd close <id>" instruction
ok 52 - doer dispatch prompt (doer-c label) contains "bd close <id>" instruction
  ---
  duration_ms: 0.4101
  type: 'test'
  ...
# Subtest: doer dispatch prompt orders bd close before claiming the next task
ok 53 - doer dispatch prompt orders bd close before claiming the next task
  ---
  duration_ms: 0.4932
  type: 'test'
  ...
# Subtest: roots-scoped: when A and B are open, count > 0 (sprint not done)
ok 54 - roots-scoped: when A and B are open, count > 0 (sprint not done)
  ---
  duration_ms: 2.7903
  type: 'test'
  ...
# Subtest: roots-scoped: goalMet when A and B are closed even if C (non-root) stays open
ok 55 - roots-scoped: goalMet when A and B are closed even if C (non-root) stays open
  ---
  duration_ms: 0.4747
  type: 'test'
  ...
# Subtest: roots-scoped: C alone in open list does not block goalMet
ok 56 - roots-scoped: C alone in open list does not block goalMet
  ---
  duration_ms: 0.4513
  type: 'test'
  ...
# Subtest: non-roots-scoped fallback: all open P1s are roots -> they still block
ok 57 - non-roots-scoped fallback: all open P1s are roots -> they still block
  ---
  duration_ms: 1.8959
  type: 'test'
  ...
# Subtest: fail-safe: null outputs returns sentinel {count:999}
ok 58 - fail-safe: null outputs returns sentinel {count:999}
  ---
  duration_ms: 0.3287
  type: 'test'
  ...
# Subtest: fail-safe: outputs array too short returns sentinel {count:999}
ok 59 - fail-safe: outputs array too short returns sentinel {count:999}
  ---
  duration_ms: 0.2938
  type: 'test'
  ...
# Subtest: fail-safe: missing outputs returns sentinel {count:999}
ok 60 - fail-safe: missing outputs returns sentinel {count:999}
  ---
  duration_ms: 0.5274
  type: 'test'
  ...
# Subtest: dev-path feedback dispatch is NOT awaited (fire-and-forget)
ok 61 - dev-path feedback dispatch is NOT awaited (fire-and-forget)
  ---
  duration_ms: 2.7211
  type: 'test'
  ...
# Subtest: dev-path feedback prompt says "Do not commit, push" (write-only)
ok 62 - dev-path feedback prompt says "Do not commit, push" (write-only)
  ---
  duration_ms: 0.4486
  type: 'test'
  ...
# Subtest: dev-path feedback prompt instructs writing to feedback.md only
ok 63 - dev-path feedback prompt instructs writing to feedback.md only
  ---
  duration_ms: 0.4118
  type: 'test'
  ...
# Subtest: plan-reviewer path uses awaited commitFeedback (commits and pushes)
ok 64 - plan-reviewer path uses awaited commitFeedback (commits and pushes)
  ---
  duration_ms: 0.4961
  type: 'test'
  ...
# Subtest: commitFeedback() function body includes "commit and push" instructions
ok 65 - commitFeedback() function body includes "commit and push" instructions
  ---
  duration_ms: 0.5437
  type: 'test'
  ...
# Subtest: dev-path feedback label differs from plan-reviewer feedback label
ok 66 - dev-path feedback label differs from plan-reviewer feedback label
  ---
  duration_ms: 0.5075
  type: 'test'
  ...
# Subtest: beads-export-cleanup removes feedback.md from the working tree
ok 67 - beads-export-cleanup removes feedback.md from the working tree
  ---
  duration_ms: 0.4277
  type: 'test'
  ...
# Subtest: beads-export-cleanup removes requirements.md from the working tree
ok 68 - beads-export-cleanup removes requirements.md from the working tree
  ---
  duration_ms: 0.4065
  type: 'test'
  ...
# Subtest: beads-export-cleanup removes scaffold files BEFORE the beads export+push
ok 69 - beads-export-cleanup removes scaffold files BEFORE the beads export+push
  ---
  duration_ms: 0.8873
  type: 'test'
  ...
# Subtest: Harvest section contains a step that invokes bd dolt push
ok 70 - Harvest section contains a step that invokes bd dolt push
  ---
  duration_ms: 2.3417
  type: 'test'
  ...
# Subtest: dolt push step is wired with phase Harvest
ok 71 - dolt push step is wired with phase Harvest
  ---
  duration_ms: 0.8099
  type: 'test'
  ...
# Subtest: dolt push step has label dolt-push
ok 72 - dolt push step has label dolt-push
  ---
  duration_ms: 0.4509
  type: 'test'
  ...
# Subtest: dolt push prompt includes a warning log for failure (non-fatal keyword)
ok 73 - dolt push prompt includes a warning log for failure (non-fatal keyword)
  ---
  duration_ms: 0.4259
  type: 'test'
  ...
# Subtest: dolt push prompt instructs agent NOT to throw or abort on failure
ok 74 - dolt push prompt instructs agent NOT to throw or abort on failure
  ---
  duration_ms: 0.4608
  type: 'test'
  ...
# Subtest: dolt push returns OK regardless of push success or failure
ok 75 - dolt push returns OK regardless of push success or failure
  ---
  duration_ms: 1.0492
  type: 'test'
  ...
# Subtest: no early return guards on the dolt push result the way harvestResult does
ok 76 - no early return guards on the dolt push result the way harvestResult does
  ---
  duration_ms: 0.7277
  type: 'test'
  ...
# Subtest: dolt push step appears AFTER beads-export-cleanup in the source
ok 77 - dolt push step appears AFTER beads-export-cleanup in the source
  ---
  duration_ms: 0.5638
  type: 'test'
  ...
# Subtest: harvester prompt instructs writing analysisText to .analysis.md as Step 1
ok 78 - harvester prompt instructs writing analysisText to .analysis.md as Step 1
  ---
  duration_ms: 4.6379
  type: 'test'
  ...
# Subtest: harvester prompt Step 1 says to write analysis artifact before anything else
ok 79 - harvester prompt Step 1 says to write analysis artifact before anything else
  ---
  duration_ms: 0.598
  type: 'test'
  ...
# Subtest: no sprint-analysis-write dispatch exists in source
ok 80 - no sprint-analysis-write dispatch exists in source
  ---
  duration_ms: 0.3881
  type: 'test'
  ...
# Subtest: JS fallback exists when harvestResult is null or not OK
ok 81 - JS fallback exists when harvestResult is null or not OK
  ---
  duration_ms: 1.0039
  type: 'test'
  ...
# Subtest: JS fallback writes .analysis.md via dispatchShell
ok 82 - JS fallback writes .analysis.md via dispatchShell
  ---
  duration_ms: 0.4822
  type: 'test'
  ...
# Subtest: JS fallback writes summaryText from sprintSummary (not a bare analysisText)
ok 83 - JS fallback writes summaryText from sprintSummary (not a bare analysisText)
  ---
  duration_ms: 0.4785
  type: 'test'
  ...
# Subtest: JS fallback commits the analysis artifact
ok 84 - JS fallback commits the analysis artifact
  ---
  duration_ms: 0.3967
  type: 'test'
  ...
# Subtest: JS fallback returns early with harvest:"failed" after writing artifact
ok 85 - JS fallback returns early with harvest:"failed" after writing artifact
  ---
  duration_ms: 0.418
  type: 'test'
  ...
# Subtest: harvester prompt passes summaryText for the artifact write
ok 86 - harvester prompt passes summaryText for the artifact write
  ---
  duration_ms: 0.9042
  type: 'test'
  ...
# Subtest: claudeOnlyPermissions()[0] === "Bash(*)"
ok 87 - claudeOnlyPermissions()[0] === "Bash(*)"
  ---
  duration_ms: 2.5045
  type: 'test'
  ...
# Subtest: claudeOnlyPermissions() includes Bash(*) somewhere in the list
ok 88 - claudeOnlyPermissions() includes Bash(*) somewhere in the list
  ---
  duration_ms: 0.5465
  type: 'test'
  ...
# Subtest: claude provider settings merge pushes claudeOnlyPermissions (source check)
ok 89 - claude provider settings merge pushes claudeOnlyPermissions (source check)
  ---
  duration_ms: 1.042
  type: 'test'
  ...
# Subtest: gemini provider does not push claudeOnlyPermissions (source check)
ok 90 - gemini provider does not push claudeOnlyPermissions (source check)
  ---
  duration_ms: 0.5456
  type: 'test'
  ...
# Subtest: opencode provider removes permissions key (source check)
ok 91 - opencode provider removes permissions key (source check)
  ---
  duration_ms: 1.1347
  type: 'test'
  ...
# Subtest: Bash(*) not present in requiredPermissions (shared across all providers)
ok 92 - Bash(*) not present in requiredPermissions (shared across all providers)
  ---
  duration_ms: 0.3942
  type: 'test'
  ...
# Subtest: uninstall() removes the whole skills/pm directory
ok 93 - uninstall() removes the whole skills/pm directory
  ---
  duration_ms: 79.2439
  type: 'test'
  ...
# Subtest: uninstall() removes only the agent files it installed, leaving the user's own agent
ok 94 - uninstall() removes only the agent files it installed, leaving the user's own agent
  ---
  duration_ms: 73.6818
  type: 'test'
  ...
# Subtest: uninstall() removes only the permissions it added, leaving user-added permissions
ok 95 - uninstall() removes only the permissions it added, leaving user-added permissions
  ---
  duration_ms: 96.5115
  type: 'test'
  ...
# Subtest: uninstall() removes the claude auto-sprint workflow but leaves other workflow files
ok 96 - uninstall() removes the claude auto-sprint workflow but leaves other workflow files
  ---
  duration_ms: 64.1223
  type: 'test'
  ...
# Subtest: uninstall() does not touch workflows for non-claude providers
ok 97 - uninstall() does not touch workflows for non-claude providers
  ---
  duration_ms: 67.8834
  type: 'test'
  ...
# Subtest: uninstall() is a safe no-op when nothing was ever installed
ok 98 - uninstall() is a safe no-op when nothing was ever installed
  ---
  duration_ms: 3.5801
  type: 'test'
  ...
# Subtest: parseBlockers reads open list from outputs[rootCount] (single root)
ok 99 - parseBlockers reads open list from outputs[rootCount] (single root)
  ---
  duration_ms: 4.96
  type: 'test'
  ...
# Subtest: parseBlockers reads open list from outputs[rootCount] (two roots)
ok 100 - parseBlockers reads open list from outputs[rootCount] (two roots)
  ---
  duration_ms: 0.496
  type: 'test'
  ...
# Subtest: parseBlockers filters by priority threshold against subtree
ok 101 - parseBlockers filters by priority threshold against subtree
  ---
  duration_ms: 0.4372
  type: 'test'
  ...
# Subtest: parseReadyStreaks reads ready list from outputs[rootCount+1] (single root)
ok 102 - parseReadyStreaks reads ready list from outputs[rootCount+1] (single root)
  ---
  duration_ms: 2.9649
  type: 'test'
  ...
# Subtest: parseReadyStreaks reads ready list from outputs[rootCount+1] (two roots)
ok 103 - parseReadyStreaks reads ready list from outputs[rootCount+1] (two roots)
  ---
  duration_ms: 0.784
  type: 'test'
  ...
# Subtest: parseReadyStreaks does not read from the open-list slot (rootCount)
ok 104 - parseReadyStreaks does not read from the open-list slot (rootCount)
  ---
  duration_ms: 0.701
  type: 'test'
  ...
# Subtest: fallback triggers when outputs.length < rootCount+2 (blockers sentinel)
ok 105 - fallback triggers when outputs.length < rootCount+2 (blockers sentinel)
  ---
  duration_ms: 0.51
  type: 'test'
  ...
# Subtest: fallback triggers when outputs.length < rootCount+2 (ready streaks empty)
ok 106 - fallback triggers when outputs.length < rootCount+2 (ready streaks empty)
  ---
  duration_ms: 0.5306
  type: 'test'
  ...
# Subtest: fallback check in source: exit-check outputs.length < rootCount+2
ok 107 - fallback check in source: exit-check outputs.length < rootCount+2
  ---
  duration_ms: 1.4171
  type: 'test'
  ...
# Subtest: exit-check source uses parseBlockers with openListIdx=rootIds.length
ok 108 - exit-check source uses parseBlockers with openListIdx=rootIds.length
  ---
  duration_ms: 1.5415
  type: 'test'
  ...
# Subtest: exit-check source uses parseReadyStreaks with readyListIdx=rootIds.length+1
ok 109 - exit-check source uses parseReadyStreaks with readyListIdx=rootIds.length+1
  ---
  duration_ms: 0.7082
  type: 'test'
  ...
# Subtest: null branch does NOT assign abortReason of "doer null" (no sprint abort)
ok 110 - null branch does NOT assign abortReason of "doer null" (no sprint abort)
  ---
  duration_ms: 2.7014
  type: 'test'
  ...
# Subtest: source has no abortReason set to "doer null" anywhere
ok 111 - source has no abortReason set to "doer null" anywhere
  ---
  duration_ms: 0.728
  type: 'test'
  ...
# Subtest: null branch resets in_progress tasks using "bd update ${id} --status=open" template
ok 112 - null branch resets in_progress tasks using "bd update ${id} --status=open" template
  ---
  duration_ms: 0.3615
  type: 'test'
  ...
# Subtest: null branch uses dispatchShell for the in_progress query
ok 113 - null branch uses dispatchShell for the in_progress query
  ---
  duration_ms: 0.378
  type: 'test'
  ...
# Subtest: null branch uses a single reset dispatchShell call (resetCmds array)
ok 114 - null branch uses a single reset dispatchShell call (resetCmds array)
  ---
  duration_ms: 0.3832
  type: 'test'
  ...
# Subtest: doerNullReset flag is set to true in the null branch
ok 115 - doerNullReset flag is set to true in the null branch
  ---
  duration_ms: 0.3442
  type: 'test'
  ...
# Subtest: develop loop uses "if (doerNullReset) continue" to skip abort path
ok 116 - develop loop uses "if (doerNullReset) continue" to skip abort path
  ---
  duration_ms: 0.6257
  type: 'test'
  ...
# Subtest: null branch does NOT set streakAbort = true (does not trigger break)
ok 117 - null branch does NOT set streakAbort = true (does not trigger break)
  ---
  duration_ms: 0.421
  type: 'test'
  ...
# Subtest: orphan reset is guarded: dispatch only when inProgressIds.length > 0
ok 118 - orphan reset is guarded: dispatch only when inProgressIds.length > 0
  ---
  duration_ms: 2.2448
  type: 'test'
  ...
# Subtest: reset command template is "bd update <id> --status=open" (source check)
ok 119 - reset command template is "bd update <id> --status=open" (source check)
  ---
  duration_ms: 0.4282
  type: 'test'
  ...
# Subtest: reset uses a single dispatchShell (not one dispatch per task)
ok 120 - reset uses a single dispatchShell (not one dispatch per task)
  ---
  duration_ms: 0.5151
  type: 'test'
  ...
# Subtest: 0 inProgressIds: no reset dispatch (buildResetCmds returns null)
ok 121 - 0 inProgressIds: no reset dispatch (buildResetCmds returns null)
  ---
  duration_ms: 0.6109
  type: 'test'
  ...
# Subtest: 1 inProgressId: single reset command "bd update <id> --status=open"
ok 122 - 1 inProgressId: single reset command "bd update <id> --status=open"
  ---
  duration_ms: 0.5122
  type: 'test'
  ...
# Subtest: N inProgressIds: N reset commands, one per id
ok 123 - N inProgressIds: N reset commands, one per id
  ---
  duration_ms: 0.5689
  type: 'test'
  ...
# Subtest: maxTurns for reset dispatchShell equals N + 1 (shellMaxTurns formula)
ok 124 - maxTurns for reset dispatchShell equals N + 1 (shellMaxTurns formula)
  ---
  duration_ms: 0.4825
  type: 'test'
  ...
# Subtest: shellMaxTurns is cmds.length + 1 (verified for reset scenario)
ok 125 - shellMaxTurns is cmds.length + 1 (verified for reset scenario)
  ---
  duration_ms: 0.3202
  type: 'test'
  ...
# Subtest: parallel() call groups calibration-update and close-sprint-goals dispatches
ok 126 - parallel() call groups calibration-update and close-sprint-goals dispatches
  ---
  duration_ms: 2.5542
  type: 'test'
  ...
# Subtest: beads-export-cleanup dispatch is sequenced AFTER parallel() resolves
ok 127 - beads-export-cleanup dispatch is sequenced AFTER parallel() resolves
  ---
  duration_ms: 0.5172
  type: 'test'
  ...
# Subtest: parallel() call contains exactly two dispatch() calls
ok 128 - parallel() call contains exactly two dispatch() calls
  ---
  duration_ms: 0.5703
  type: 'test'
  ...
# Subtest: beads-export-cleanup stages sprint-logs before bd export
ok 129 - beads-export-cleanup stages sprint-logs before bd export
  ---
  duration_ms: 0.7394
  type: 'test'
  ...
# Subtest: null/undefined/empty returns {}
ok 130 - null/undefined/empty returns {}
  ---
  duration_ms: 5.3343
  type: 'test'
  ...
# Subtest: bare single issue ID
ok 131 - bare single issue ID
  ---
  duration_ms: 0.6048
  type: 'test'
  ...
# Subtest: space-separated issue IDs
ok 132 - space-separated issue IDs
  ---
  duration_ms: 0.366
  type: 'test'
  ...
# Subtest: comma-separated issue IDs
ok 133 - comma-separated issue IDs
  ---
  duration_ms: 0.4676
  type: 'test'
  ...
# Subtest: comma-and-space-separated issue IDs
ok 134 - comma-and-space-separated issue IDs
  ---
  duration_ms: 0.472
  type: 'test'
  ...
# Subtest: JSON array of issue IDs
ok 135 - JSON array of issue IDs
  ---
  duration_ms: 0.2872
  type: 'test'
  ...
# Subtest: JSON object with issues only
ok 136 - JSON object with issues only
  ---
  duration_ms: 0.4429
  type: 'test'
  ...
# Subtest: JSON object with issues and goal
ok 137 - JSON object with issues and goal
  ---
  duration_ms: 0.287
  type: 'test'
  ...
# Subtest: JSON object with branch override
ok 138 - JSON object with branch override
  ---
  duration_ms: 0.7903
  type: 'test'
  ...
# Subtest: branch-like string treated as issue ID, not branch
ok 139 - branch-like string treated as issue ID, not branch
  ---
  duration_ms: 1.3773
  type: 'test'
  ...
# Subtest: invalid JSON treated as bare string
ok 140 - invalid JSON treated as bare string
  ---
  duration_ms: 0.6996
  type: 'test'
  ...
# Subtest: defaults applied when nothing set
ok 141 - defaults applied when nothing set
  ---
  duration_ms: 0.4604
  type: 'test'
  ...
# Subtest: bare issue ID resolves correctly
ok 142 - bare issue ID resolves correctly
  ---
  duration_ms: 0.3522
  type: 'test'
  ...
# Subtest: two bare IDs resolve to rootIds array
ok 143 - two bare IDs resolve to rootIds array
  ---
  duration_ms: 0.3099
  type: 'test'
  ...
# Subtest: JSON array resolves to rootIds
ok 144 - JSON array resolves to rootIds
  ---
  duration_ms: 0.2928
  type: 'test'
  ...
# Subtest: JSON object branch/goal/max_cycles respected
ok 145 - JSON object branch/goal/max_cycles respected
  ---
  duration_ms: 0.2926
  type: 'test'
  ...
# Subtest: scalar issues string wrapped in array
ok 146 - scalar issues string wrapped in array
  ---
  duration_ms: 0.2486
  type: 'test'
  ...
# Subtest: planCommitCmds array starts with per-task bd update commands (source check)
ok 147 - planCommitCmds array starts with per-task bd update commands (source check)
  ---
  duration_ms: 2.6734
  type: 'test'
  ...
# Subtest: planCommitCmds array appends bd export after per-task updates (source check)
ok 148 - planCommitCmds array appends bd export after per-task updates (source check)
  ---
  duration_ms: 0.3713
  type: 'test'
  ...
# Subtest: planCommitCmds ends with git add, git commit, git push in order (source check)
ok 149 - planCommitCmds ends with git add, git commit, git push in order (source check)
  ---
  duration_ms: 0.3496
  type: 'test'
  ...
# Subtest: dispatchShell maxTurns is planCommitCmds.length + 2 (source check)
ok 150 - dispatchShell maxTurns is planCommitCmds.length + 2 (source check)
  ---
  duration_ms: 0.4947
  type: 'test'
  ...
# Subtest: buildPlanCommitCmds emits correct per-task bd update commands
ok 151 - buildPlanCommitCmds emits correct per-task bd update commands
  ---
  duration_ms: 1.9631
  type: 'test'
  ...
# Subtest: buildPlanCommitCmds appends bd export then git add/commit/push after per-task updates
ok 152 - buildPlanCommitCmds appends bd export then git add/commit/push after per-task updates
  ---
  duration_ms: 0.7496
  type: 'test'
  ...
# Subtest: maxTurns formula: commands.length + 2 for sample taskAssignments
ok 153 - maxTurns formula: commands.length + 2 for sample taskAssignments
  ---
  duration_ms: 0.5443
  type: 'test'
  ...
# Subtest: maxTurns grows with task count (N tasks + 4 fixed + 2)
ok 154 - maxTurns grows with task count (N tasks + 4 fixed + 2)
  ---
  duration_ms: 0.8117
  type: 'test'
  ...
# Subtest: push-sha dispatch uses dispatchShell with both git push and git rev-parse HEAD
ok 155 - push-sha dispatch uses dispatchShell with both git push and git rev-parse HEAD
  ---
  duration_ms: 2.529
  type: 'test'
  ...
# Subtest: push-sha dispatch commands are an array (both commands in one dispatchShell call)
ok 156 - push-sha dispatch commands are an array (both commands in one dispatchShell call)
  ---
  duration_ms: 0.6084
  type: 'test'
  ...
# Subtest: headSha is parsed from pushShaResult.outputs[1] (index 1 = second command output)
ok 157 - headSha is parsed from pushShaResult.outputs[1] (index 1 = second command output)
  ---
  duration_ms: 0.564
  type: 'test'
  ...
# Subtest: SHA_SCHEMA is not used anywhere in source (separate SHA dispatch removed)
ok 158 - SHA_SCHEMA is not used anywhere in source (separate SHA dispatch removed)
  ---
  duration_ms: 0.3772
  type: 'test'
  ...
# Subtest: push-sha dispatch does not use a separate awaited dispatch with a schema for SHA only
ok 159 - push-sha dispatch does not use a separate awaited dispatch with a schema for SHA only
  ---
  duration_ms: 0.7222
  type: 'test'
  ...
# Subtest: auto-sprint.js has PURE_FUNCTIONS_BEGIN marker
not ok 160 - auto-sprint.js has PURE_FUNCTIONS_BEGIN marker
  ---
  duration_ms: 2.1228
  type: 'test'
  location: 'C:\\akhil\\git\\apra-pm-wt-agy-sprint\\test\\runner\\cost-extraction.test.mjs:49:1'
  failureType: 'testCodeFailure'
  error: "ENOENT: no such file or directory, open 'C:\\akhil\\git\\apra-pm-wt-agy-sprint\\test\\.claude\\workflows\\auto-sprint.js'"
  code: 'ENOENT'
  stack: |-
    readFileSync (node:fs:440:20)
    TestContext.<anonymous> (file:///C:/akhil/git/apra-pm-wt-agy-sprint/test/runner/cost-extraction.test.mjs:50:15)
    Test.runInAsyncScope (node:async_hooks:214:14)
    Test.run (node:internal/test_runner/test:1047:25)
    Test.start (node:internal/test_runner/test:944:17)
    startSubtestAfterBootstrap (node:internal/test_runner/harness:296:17)
  ...
# Subtest: auto-sprint.js has PURE_FUNCTIONS_END marker
not ok 161 - auto-sprint.js has PURE_FUNCTIONS_END marker
  ---
  duration_ms: 0.3989
  type: 'test'
  location: 'C:\\akhil\\git\\apra-pm-wt-agy-sprint\\test\\runner\\cost-extraction.test.mjs:55:1'
  failureType: 'testCodeFailure'
  error: "ENOENT: no such file or directory, open 'C:\\akhil\\git\\apra-pm-wt-agy-sprint\\test\\.claude\\workflows\\auto-sprint.js'"
  code: 'ENOENT'
  stack: |-
    readFileSync (node:fs:440:20)
    TestContext.<anonymous> (file:///C:/akhil/git/apra-pm-wt-agy-sprint/test/runner/cost-extraction.test.mjs:56:15)
    Test.runInAsyncScope (node:async_hooks:214:14)
    Test.run (node:internal/test_runner/test:1047:25)
    Test.processPendingSubtests (node:internal/test_runner/test:744:18)
    Test.postRun (node:internal/test_runner/test:1173:19)
    Test.run (node:internal/test_runner/test:1101:12)
    async startSubtestAfterBootstrap (node:internal/test_runner/harness:296:3)
  ...
# Subtest: PURE_FUNCTIONS_BEGIN appears before PURE_FUNCTIONS_END
not ok 162 - PURE_FUNCTIONS_BEGIN appears before PURE_FUNCTIONS_END
  ---
  duration_ms: 1.6924
  type: 'test'
  location: 'C:\\akhil\\git\\apra-pm-wt-agy-sprint\\test\\runner\\cost-extraction.test.mjs:61:1'
  failureType: 'testCodeFailure'
  error: "ENOENT: no such file or directory, open 'C:\\akhil\\git\\apra-pm-wt-agy-sprint\\test\\.claude\\workflows\\auto-sprint.js'"
  code: 'ENOENT'
  stack: |-
    readFileSync (node:fs:440:20)
    TestContext.<anonymous> (file:///C:/akhil/git/apra-pm-wt-agy-sprint/test/runner/cost-extraction.test.mjs:62:15)
    Test.runInAsyncScope (node:async_hooks:214:14)
    Test.run (node:internal/test_runner/test:1047:25)
    Test.processPendingSubtests (node:internal/test_runner/test:744:18)
    Test.postRun (node:internal/test_runner/test:1173:19)
    Test.run (node:internal/test_runner/test:1101:12)
    async Test.processPendingSubtests (node:internal/test_runner/test:744:7)
  ...
# Error: A resource generated asynchronous activity after the test ended. This activity created the error "Error: ENOENT: no such file or directory, open 'C:\\akhil\\git\\apra-pm-wt-agy-sprint\\test\\.claude\\workflows\\auto-sprint.js'" which triggered an uncaughtException event, caught by the test runner.
# Subtest: labelTaskIds: single id returns that id
ok 163 - labelTaskIds: single id returns that id
  ---
  duration_ms: 4.6299
  type: 'test'
  ...
# Subtest: labelTaskIds: two ids returns both joined by space
ok 164 - labelTaskIds: two ids returns both joined by space
  ---
  duration_ms: 0.3889
  type: 'test'
  ...
# Subtest: labelTaskIds: three ids returns all three joined by space
ok 165 - labelTaskIds: three ids returns all three joined by space
  ---
  duration_ms: 0.3301
  type: 'test'
  ...
# Subtest: labelTaskIds: four ids shows first 3 plus +1more
ok 166 - labelTaskIds: four ids shows first 3 plus +1more
  ---
  duration_ms: 0.2878
  type: 'test'
  ...
# Subtest: labelTaskIds: five ids shows first 3 plus +2more
ok 167 - labelTaskIds: five ids shows first 3 plus +2more
  ---
  duration_ms: 0.7792
  type: 'test'
  ...
# Subtest: labelTaskIds: empty array returns empty string
ok 168 - labelTaskIds: empty array returns empty string
  ---
  duration_ms: 0.3329
  type: 'test'
  ...
# Subtest: source has a log() before doer dispatch referencing streak ids and an estimate
not ok 169 - source has a log() before doer dispatch referencing streak ids and an estimate
  ---
  duration_ms: 0.6532
  type: 'test'
  location: 'C:\\akhil\\git\\apra-pm-wt-agy-sprint\\test\\runner\\develop-progress-log.test.mjs:38:1'
  failureType: 'testCodeFailure'
  error: 'src is not defined'
  code: 'ERR_TEST_FAILURE'
  name: 'ReferenceError'
  stack: |-
    TestContext.<anonymous> (file:///C:/akhil/git/apra-pm-wt-agy-sprint/test/runner/develop-progress-log.test.mjs:41:16)
    Test.runInAsyncScope (node:async_hooks:214:14)
    Test.run (node:internal/test_runner/test:1047:25)
    Test.processPendingSubtests (node:internal/test_runner/test:744:18)
    Test.postRun (node:internal/test_runner/test:1173:19)
    Test.run (node:internal/test_runner/test:1101:12)
    async Test.processPendingSubtests (node:internal/test_runner/test:744:7)
  ...
# Subtest: source has a per-iteration log() with remaining/ready counts
not ok 170 - source has a per-iteration log() with remaining/ready counts
  ---
  duration_ms: 0.3175
  type: 'test'
  location: 'C:\\akhil\\git\\apra-pm-wt-agy-sprint\\test\\runner\\develop-progress-log.test.mjs:45:1'
  failureType: 'testCodeFailure'
  error: 'src is not defined'
  code: 'ERR_TEST_FAILURE'
  name: 'ReferenceError'
  stack: |-
    TestContext.<anonymous> (file:///C:/akhil/git/apra-pm-wt-agy-sprint/test/runner/develop-progress-log.test.mjs:47:16)
    Test.runInAsyncScope (node:async_hooks:214:14)
    Test.run (node:internal/test_runner/test:1047:25)
    Test.processPendingSubtests (node:internal/test_runner/test:744:18)
    Test.postRun (node:internal/test_runner/test:1173:19)
    Test.run (node:internal/test_runner/test:1101:12)
    async Test.processPendingSubtests (node:internal/test_runner/test:744:7)
  ...
# Subtest: source has a post-verdict log() with reviewer verdict and ids
not ok 171 - source has a post-verdict log() with reviewer verdict and ids
  ---
  duration_ms: 0.8911
  type: 'test'
  location: 'C:\\akhil\\git\\apra-pm-wt-agy-sprint\\test\\runner\\develop-progress-log.test.mjs:51:1'
  failureType: 'testCodeFailure'
  error: 'src is not defined'
  code: 'ERR_TEST_FAILURE'
  name: 'ReferenceError'
  stack: |-
    TestContext.<anonymous> (file:///C:/akhil/git/apra-pm-wt-agy-sprint/test/runner/develop-progress-log.test.mjs:53:16)
    Test.runInAsyncScope (node:async_hooks:214:14)
    Test.run (node:internal/test_runner/test:1047:25)
    Test.processPendingSubtests (node:internal/test_runner/test:744:18)
    Test.postRun (node:internal/test_runner/test:1173:19)
    Test.run (node:internal/test_runner/test:1101:12)
    async Test.processPendingSubtests (node:internal/test_runner/test:744:7)
  ...
# Subtest: doer label template string uses labelTaskIds(fittedIds)
not ok 172 - doer label template string uses labelTaskIds(fittedIds)
  ---
  duration_ms: 0.9023
  type: 'test'
  location: 'C:\\akhil\\git\\apra-pm-wt-agy-sprint\\test\\runner\\develop-progress-log.test.mjs:59:1'
  failureType: 'testCodeFailure'
  error: 'src is not defined'
  code: 'ERR_TEST_FAILURE'
  name: 'ReferenceError'
  stack: |-
    TestContext.<anonymous> (file:///C:/akhil/git/apra-pm-wt-agy-sprint/test/runner/develop-progress-log.test.mjs:61:16)
    Test.runInAsyncScope (node:async_hooks:214:14)
    Test.run (node:internal/test_runner/test:1047:25)
    Test.processPendingSubtests (node:internal/test_runner/test:744:18)
    Test.postRun (node:internal/test_runner/test:1173:19)
    Test.run (node:internal/test_runner/test:1101:12)
    async Test.processPendingSubtests (node:internal/test_runner/test:744:7)
  ...
# Subtest: reviewer label template string uses labelTaskIds(workedIds)
not ok 173 - reviewer label template string uses labelTaskIds(workedIds)
  ---
  duration_ms: 0.5386
  type: 'test'
  location: 'C:\\akhil\\git\\apra-pm-wt-agy-sprint\\test\\runner\\develop-progress-log.test.mjs:65:1'
  failureType: 'testCodeFailure'
  error: 'src is not defined'
  code: 'ERR_TEST_FAILURE'
  name: 'ReferenceError'
  stack: |-
    TestContext.<anonymous> (file:///C:/akhil/git/apra-pm-wt-agy-sprint/test/runner/develop-progress-log.test.mjs:66:16)
    Test.runInAsyncScope (node:async_hooks:214:14)
    Test.run (node:internal/test_runner/test:1047:25)
    Test.processPendingSubtests (node:internal/test_runner/test:744:18)
    Test.postRun (node:internal/test_runner/test:1173:19)
    Test.run (node:internal/test_runner/test:1101:12)
    async Test.processPendingSubtests (node:internal/test_runner/test:744:7)
  ...
# Subtest: runDevelopPhase: aborts with deadlock if no ready tasks on first iteration and blockers exist
ok 174 - runDevelopPhase: aborts with deadlock if no ready tasks on first iteration and blockers exist
  ---
  duration_ms: 4.8458
  type: 'test'
  ...
# Subtest: runDevelopPhase: completes if no ready tasks and no blockers
ok 175 - runDevelopPhase: completes if no ready tasks and no blockers
  ---
  duration_ms: 0.6795
  type: 'test'
  ...
# Subtest: runDevelopPhase: runs doer and reviewer loop
ok 176 - runDevelopPhase: runs doer and reviewer loop
  ---
  duration_ms: 1.1321
  type: 'test'
  ...
# Subtest: roots-scoped: when A and B are open, count > 0 (sprint not done)
ok 177 - roots-scoped: when A and B are open, count > 0 (sprint not done)
  ---
  duration_ms: 2.8677
  type: 'test'
  ...
# Subtest: roots-scoped: goalMet when A and B are closed even if C (non-root) stays open
ok 178 - roots-scoped: goalMet when A and B are closed even if C (non-root) stays open
  ---
  duration_ms: 2.1425
  type: 'test'
  ...
# Subtest: roots-scoped: C alone in open list does not block goalMet
ok 179 - roots-scoped: C alone in open list does not block goalMet
  ---
  duration_ms: 0.3981
  type: 'test'
  ...
# Subtest: non-roots-scoped fallback: all open P1s are roots -> they still block
ok 180 - non-roots-scoped fallback: all open P1s are roots -> they still block
  ---
  duration_ms: 2.0677
  type: 'test'
  ...
# Subtest: fail-safe: null outputs returns sentinel {count:999}
ok 181 - fail-safe: null outputs returns sentinel {count:999}
  ---
  duration_ms: 0.4237
  type: 'test'
  ...
# Subtest: fail-safe: outputs array too short returns sentinel {count:999}
ok 182 - fail-safe: outputs array too short returns sentinel {count:999}
  ---
  duration_ms: 0.3803
  type: 'test'
  ...
# Subtest: fail-safe: missing outputs returns sentinel {count:999}
ok 183 - fail-safe: missing outputs returns sentinel {count:999}
  ---
  duration_ms: 0.8001
  type: 'test'
  ...
# Subtest: runHarvestPhase: aborts if final review is rejected
ok 184 - runHarvestPhase: aborts if final review is rejected
  ---
  duration_ms: 2.995
  type: 'test'
  ...
# Subtest: runHarvestPhase: runs harvester and creates PR when approved
ok 185 - runHarvestPhase: runs harvester and creates PR when approved
  ---
  duration_ms: 1.4496
  type: 'test'
  ...
# Subtest: runHarvestPhase: triggers runCiWatcher if passed in
ok 186 - runHarvestPhase: triggers runCiWatcher if passed in
  ---
  duration_ms: 0.9925
  type: 'test'
  ...
# Subtest: planCommitCmds array starts with per-task bd update commands (source check)
not ok 187 - planCommitCmds array starts with per-task bd update commands (source check)
  ---
  duration_ms: 2.3414
  type: 'test'
  location: 'C:\\akhil\\git\\apra-pm-wt-agy-sprint\\test\\runner\\plan-commit-cmds.test.mjs:25:1'
  failureType: 'testCodeFailure'
  error: 'src is not defined'
  code: 'ERR_TEST_FAILURE'
  name: 'ReferenceError'
  stack: |-
    TestContext.<anonymous> (file:///C:/akhil/git/apra-pm-wt-agy-sprint/test/runner/plan-commit-cmds.test.mjs:26:19)
    Test.runInAsyncScope (node:async_hooks:214:14)
    Test.run (node:internal/test_runner/test:1047:25)
    Test.start (node:internal/test_runner/test:944:17)
    startSubtestAfterBootstrap (node:internal/test_runner/harness:296:17)
  ...
# Subtest: planCommitCmds array appends bd export after per-task updates (source check)
not ok 188 - planCommitCmds array appends bd export after per-task updates (source check)
  ---
  duration_ms: 0.3616
  type: 'test'
  location: 'C:\\akhil\\git\\apra-pm-wt-agy-sprint\\test\\runner\\plan-commit-cmds.test.mjs:36:1'
  failureType: 'testCodeFailure'
  error: 'src is not defined'
  code: 'ERR_TEST_FAILURE'
  name: 'ReferenceError'
  stack: |-
    TestContext.<anonymous> (file:///C:/akhil/git/apra-pm-wt-agy-sprint/test/runner/plan-commit-cmds.test.mjs:37:19)
    Test.runInAsyncScope (node:async_hooks:214:14)
    Test.run (node:internal/test_runner/test:1047:25)
    Test.processPendingSubtests (node:internal/test_runner/test:744:18)
    Test.postRun (node:internal/test_runner/test:1173:19)
    Test.run (node:internal/test_runner/test:1101:12)
    async startSubtestAfterBootstrap (node:internal/test_runner/harness:296:3)
  ...
# Subtest: planCommitCmds ends with git add, git commit, git push in order (source check)
not ok 189 - planCommitCmds ends with git add, git commit, git push in order (source check)
  ---
  duration_ms: 0.2893
  type: 'test'
  location: 'C:\\akhil\\git\\apra-pm-wt-agy-sprint\\test\\runner\\plan-commit-cmds.test.mjs:47:1'
  failureType: 'testCodeFailure'
  error: 'src is not defined'
  code: 'ERR_TEST_FAILURE'
  name: 'ReferenceError'
  stack: |-
    TestContext.<anonymous> (file:///C:/akhil/git/apra-pm-wt-agy-sprint/test/runner/plan-commit-cmds.test.mjs:48:19)
    Test.runInAsyncScope (node:async_hooks:214:14)
    Test.run (node:internal/test_runner/test:1047:25)
    Test.processPendingSubtests (node:internal/test_runner/test:744:18)
    Test.postRun (node:internal/test_runner/test:1173:19)
    Test.run (node:internal/test_runner/test:1101:12)
    async Test.processPendingSubtests (node:internal/test_runner/test:744:7)
  ...
# Subtest: dispatchShell maxTurns is planCommitCmds.length + 2 (source check)
not ok 190 - dispatchShell maxTurns is planCommitCmds.length + 2 (source check)
  ---
  duration_ms: 0.308
  type: 'test'
  location: 'C:\\akhil\\git\\apra-pm-wt-agy-sprint\\test\\runner\\plan-commit-cmds.test.mjs:62:1'
  failureType: 'testCodeFailure'
  error: 'src is not defined'
  code: 'ERR_TEST_FAILURE'
  name: 'ReferenceError'
  stack: |-
    TestContext.<anonymous> (file:///C:/akhil/git/apra-pm-wt-agy-sprint/test/runner/plan-commit-cmds.test.mjs:64:19)
    Test.runInAsyncScope (node:async_hooks:214:14)
    Test.run (node:internal/test_runner/test:1047:25)
    Test.processPendingSubtests (node:internal/test_runner/test:744:18)
    Test.postRun (node:internal/test_runner/test:1173:19)
    Test.run (node:internal/test_runner/test:1101:12)
    async Test.processPendingSubtests (node:internal/test_runner/test:744:7)
  ...
# Subtest: buildPlanCommitCmds emits correct per-task bd update commands
not ok 191 - buildPlanCommitCmds emits correct per-task bd update commands
  ---
  duration_ms: 0.7432
  type: 'test'
  location: 'C:\\akhil\\git\\apra-pm-wt-agy-sprint\\test\\runner\\plan-commit-cmds.test.mjs:74:1'
  failureType: 'testCodeFailure'
  error: "Cannot read properties of undefined (reading 'toFixed')"
  code: 'ERR_TEST_FAILURE'
  name: 'TypeError'
  stack: |-
    file:///C:/akhil/git/apra-pm-wt-agy-sprint/test/runner/plan-commit-cmds.test.mjs:14:97
    Array.map (<anonymous>)
    buildPlanCommitCmds (file:///C:/akhil/git/apra-pm-wt-agy-sprint/test/runner/plan-commit-cmds.test.mjs:12:26)
    TestContext.<anonymous> (file:///C:/akhil/git/apra-pm-wt-agy-sprint/test/runner/plan-commit-cmds.test.mjs:80:16)
    Test.runInAsyncScope (node:async_hooks:214:14)
    Test.run (node:internal/test_runner/test:1047:25)
    Test.processPendingSubtests (node:internal/test_runner/test:744:18)
    Test.postRun (node:internal/test_runner/test:1173:19)
    Test.run (node:internal/test_runner/test:1101:12)
    async Test.processPendingSubtests (node:internal/test_runner/test:744:7)
  ...
# Subtest: buildPlanCommitCmds appends bd export then git add/commit/push after per-task updates
not ok 192 - buildPlanCommitCmds appends bd export then git add/commit/push after per-task updates
  ---
  duration_ms: 0.4209
  type: 'test'
  location: 'C:\\akhil\\git\\apra-pm-wt-agy-sprint\\test\\runner\\plan-commit-cmds.test.mjs:95:1'
  failureType: 'testCodeFailure'
  error: "Cannot read properties of undefined (reading 'toFixed')"
  code: 'ERR_TEST_FAILURE'
  name: 'TypeError'
  stack: |-
    file:///C:/akhil/git/apra-pm-wt-agy-sprint/test/runner/plan-commit-cmds.test.mjs:14:97
    Array.map (<anonymous>)
    buildPlanCommitCmds (file:///C:/akhil/git/apra-pm-wt-agy-sprint/test/runner/plan-commit-cmds.test.mjs:12:26)
    TestContext.<anonymous> (file:///C:/akhil/git/apra-pm-wt-agy-sprint/test/runner/plan-commit-cmds.test.mjs:102:16)
    Test.runInAsyncScope (node:async_hooks:214:14)
    Test.run (node:internal/test_runner/test:1047:25)
    Test.processPendingSubtests (node:internal/test_runner/test:744:18)
    Test.postRun (node:internal/test_runner/test:1173:19)
    Test.run (node:internal/test_runner/test:1101:12)
    async Test.processPendingSubtests (node:internal/test_runner/test:744:7)
  ...
# Subtest: maxTurns formula: commands.length + 2 for sample taskAssignments
not ok 193 - maxTurns formula: commands.length + 2 for sample taskAssignments
  ---
  duration_ms: 0.5055
  type: 'test'
  location: 'C:\\akhil\\git\\apra-pm-wt-agy-sprint\\test\\runner\\plan-commit-cmds.test.mjs:122:1'
  failureType: 'testCodeFailure'
  error: "Cannot read properties of undefined (reading 'toFixed')"
  code: 'ERR_TEST_FAILURE'
  name: 'TypeError'
  stack: |-
    file:///C:/akhil/git/apra-pm-wt-agy-sprint/test/runner/plan-commit-cmds.test.mjs:14:97
    Array.map (<anonymous>)
    buildPlanCommitCmds (file:///C:/akhil/git/apra-pm-wt-agy-sprint/test/runner/plan-commit-cmds.test.mjs:12:26)
    TestContext.<anonymous> (file:///C:/akhil/git/apra-pm-wt-agy-sprint/test/runner/plan-commit-cmds.test.mjs:128:16)
    Test.runInAsyncScope (node:async_hooks:214:14)
    Test.run (node:internal/test_runner/test:1047:25)
    Test.processPendingSubtests (node:internal/test_runner/test:744:18)
    Test.postRun (node:internal/test_runner/test:1173:19)
    Test.run (node:internal/test_runner/test:1101:12)
    async Test.processPendingSubtests (node:internal/test_runner/test:744:7)
  ...
# Subtest: maxTurns grows with task count (N tasks + 4 fixed + 2)
not ok 194 - maxTurns grows with task count (N tasks + 4 fixed + 2)
  ---
  duration_ms: 0.4645
  type: 'test'
  location: 'C:\\akhil\\git\\apra-pm-wt-agy-sprint\\test\\runner\\plan-commit-cmds.test.mjs:137:1'
  failureType: 'testCodeFailure'
  error: "Cannot read properties of undefined (reading 'toFixed')"
  code: 'ERR_TEST_FAILURE'
  name: 'TypeError'
  stack: |-
    file:///C:/akhil/git/apra-pm-wt-agy-sprint/test/runner/plan-commit-cmds.test.mjs:14:97
    Array.map (<anonymous>)
    buildPlanCommitCmds (file:///C:/akhil/git/apra-pm-wt-agy-sprint/test/runner/plan-commit-cmds.test.mjs:12:26)
    TestContext.<anonymous> (file:///C:/akhil/git/apra-pm-wt-agy-sprint/test/runner/plan-commit-cmds.test.mjs:142:18)
    Test.runInAsyncScope (node:async_hooks:214:14)
    Test.run (node:internal/test_runner/test:1047:25)
    Test.processPendingSubtests (node:internal/test_runner/test:744:18)
    Test.postRun (node:internal/test_runner/test:1173:19)
    Test.run (node:internal/test_runner/test:1101:12)
    async Test.processPendingSubtests (node:internal/test_runner/test:744:7)
  ...
# Subtest: runPlanPhase skips planner if planDone is true
ok 195 - runPlanPhase skips planner if planDone is true
  ---
  duration_ms: 5.2681
  type: 'test'
  ...
# Subtest: runPlanPhase runs planner and reviewer and commits on approval
ok 196 - runPlanPhase runs planner and reviewer and commits on approval
  ---
  duration_ms: 1.9602
  type: 'test'
  ...
# Subtest: writeStaticHtmlReport generates HTML file replacing dynamic elements
ok 197 - writeStaticHtmlReport generates HTML file replacing dynamic elements
  ---
  duration_ms: 5.819
  type: 'test'
  ...
# Subtest: writeStaticHtmlReport gracefully handles write failures
ok 198 - writeStaticHtmlReport gracefully handles write failures
  ---
  duration_ms: 0.6889
  type: 'test'
  ...
# Subtest: status-server
    # Subtest: GET / returns STATUS_HTML
    ok 1 - GET / returns STATUS_HTML
      ---
      duration_ms: 89.6075
      type: 'test'
      ...
    # Subtest: GET /state returns JSON state with ledger and file existence flags
    ok 2 - GET /state returns JSON state with ledger and file existence flags
      ---
      duration_ms: 17.2085
      type: 'test'
      ...
    # Subtest: GET /log?label= returns output for task
    ok 3 - GET /log?label= returns output for task
      ---
      duration_ms: 15.3284
      type: 'test'
      ...
    # Subtest: POST /stop sets abortRequested to true
    ok 4 - POST /stop sets abortRequested to true
      ---
      duration_ms: 10.3554
      type: 'test'
      ...
    1..4
ok 199 - status-server
  ---
  duration_ms: 135.9022
  type: 'suite'
  ...
# Subtest: runTestPhase: skips if no deploy.md or playbook
ok 200 - runTestPhase: skips if no deploy.md or playbook
  ---
  duration_ms: 4.2425
  type: 'test'
  ...
# Subtest: runTestPhase: goalMet=true if 0 blockers on exit gate
ok 201 - runTestPhase: goalMet=true if 0 blockers on exit gate
  ---
  duration_ms: 0.649
  type: 'test'
  ...
# Subtest: runTestPhase: aborts with no-progress if openIds match prevOpenIds in cycle > 1
ok 202 - runTestPhase: aborts with no-progress if openIds match prevOpenIds in cycle > 1
  ---
  duration_ms: 0.6305
  type: 'test'
  ...
# Subtest: runTestPhase: aborts if maxCycles reached
ok 203 - runTestPhase: aborts if maxCycles reached
  ---
  duration_ms: 2.0347
  type: 'test'
  ...
# Subtest: setup dispatchShell is labeled "setup-shell" (source check)
ok 204 - setup dispatchShell is labeled "setup-shell" (source check)
  ---
  duration_ms: 2.7135
  type: 'test'
  ...
# Subtest: setup dispatchShell commands include git rev-parse --show-toplevel (repo root)
ok 205 - setup dispatchShell commands include git rev-parse --show-toplevel (repo root)
  ---
  duration_ms: 0.5301
  type: 'test'
  ...
# Subtest: setup dispatchShell commands include git checkout (branch handling)
ok 206 - setup dispatchShell commands include git checkout (branch handling)
  ---
  duration_ms: 0.3272
  type: 'test'
  ...
# Subtest: setup dispatchShell commands include git rev-parse --abbrev-ref HEAD (branch confirmation)
ok 207 - setup dispatchShell commands include git rev-parse --abbrev-ref HEAD (branch confirmation)
  ---
  duration_ms: 0.3209
  type: 'test'
  ...
# Subtest: setup dispatchShell commands include existence checks for deploy.md and integ-test-playbook.md
ok 208 - setup dispatchShell commands include existence checks for deploy.md and integ-test-playbook.md
  ---
  duration_ms: 1.3869
  type: 'test'
  ...
# Subtest: setup dispatchShell commands include date +%Y%m%d_%H%M%S (startedAt timestamp)
ok 209 - setup dispatchShell commands include date +%Y%m%d_%H%M%S (startedAt timestamp)
  ---
  duration_ms: 0.4573
  type: 'test'
  ...
# Subtest: setup dispatchShell has exactly 6 command slots (output indices 0-5)
ok 210 - setup dispatchShell has exactly 6 command slots (output indices 0-5)
  ---
  duration_ms: 0.7096
  type: 'test'
  ...
# Subtest: free-form setup agent (Phase 2) has maxTurns: 20
ok 211 - free-form setup agent (Phase 2) has maxTurns: 20
  ---
  duration_ms: 0.4053
  type: 'test'
  ...
# Subtest: free-form setup agent (Phase 2) is dispatched after setup-shell Phase 1
ok 212 - free-form setup agent (Phase 2) is dispatched after setup-shell Phase 1
  ---
  duration_ms: 0.9234
  type: 'test'
  ...
# Subtest: free-form setup agent prompt mentions "Phase 2" and pre-known values
ok 213 - free-form setup agent prompt mentions "Phase 2" and pre-known values
  ---
  duration_ms: 1.1707
  type: 'test'
  ...
# Subtest: collectSubtreeIds: unions whitespace-joined ID lists across sprint roots
ok 214 - collectSubtreeIds: unions whitespace-joined ID lists across sprint roots
  ---
  duration_ms: 4.6223
  type: 'test'
  ...
# Subtest: collectSubtreeIds: tolerates empty / missing entries
ok 215 - collectSubtreeIds: tolerates empty / missing entries
  ---
  duration_ms: 0.3546
  type: 'test'
  ...
# Subtest: parseBlockers: returns {count, ids} of open issues in subtree at/under threshold
ok 216 - parseBlockers: returns {count, ids} of open issues in subtree at/under threshold
  ---
  duration_ms: 0.632
  type: 'test'
  ...
# Subtest: parseBlockers: unions IDs across multiple sprint root graphs
ok 217 - parseBlockers: unions IDs across multiple sprint root graphs
  ---
  duration_ms: 0.4016
  type: 'test'
  ...
# Subtest: parseBlockers: fail-safe sentinel {999,[]} on short/missing outputs
ok 218 - parseBlockers: fail-safe sentinel {999,[]} on short/missing outputs
  ---
  duration_ms: 0.5979
  type: 'test'
  ...
# Subtest: parseBlockers: garbage JSON yields no blockers (count 0), never throws
ok 219 - parseBlockers: garbage JSON yields no blockers (count 0), never throws
  ---
  duration_ms: 0.3667
  type: 'test'
  ...
# Subtest: parseReadyStreaks: groups ready tasks by model, ordered by min priority
ok 220 - parseReadyStreaks: groups ready tasks by model, ordered by min priority
  ---
  duration_ms: 2.4325
  type: 'test'
  ...
# Subtest: parseReadyStreaks: defaults model when metadata missing
ok 221 - parseReadyStreaks: defaults model when metadata missing
  ---
  duration_ms: 0.3776
  type: 'test'
  ...
# Subtest: parseReadyStreaks: empty/garbage => {0, []}
ok 222 - parseReadyStreaks: empty/garbage => {0, []}
  ---
  duration_ms: 1.0765
  type: 'test'
  ...
# Subtest: parseCycleState: planDone true when features closed
ok 223 - parseCycleState: planDone true when features closed
  ---
  duration_ms: 1.6279
  type: 'test'
  ...
# Subtest: parseCycleState: planDone true when open features have all tasks described
ok 224 - parseCycleState: planDone true when open features have all tasks described
  ---
  duration_ms: 0.6728
  type: 'test'
  ...
# Subtest: parseCycleState: planDone false when a task lacks a description
ok 225 - parseCycleState: planDone false when a task lacks a description
  ---
  duration_ms: 0.3399
  type: 'test'
  ...
# Subtest: parseCycleState: planDone false with no features
ok 226 - parseCycleState: planDone false with no features
  ---
  duration_ms: 0.2709
  type: 'test'
  ...
# Subtest: parseCycleState: every sprint root must satisfy planDone
ok 227 - parseCycleState: every sprint root must satisfy planDone
  ---
  duration_ms: 0.3404
  type: 'test'
  ...
# Subtest: parseCycleState: fail-safe {false,[]} on short/missing outputs
ok 228 - parseCycleState: fail-safe {false,[]} on short/missing outputs
  ---
  duration_ms: 0.2603
  type: 'test'
  ...
# Subtest: shell dispatches route through bounded dispatchShell helper
ok 229 - shell dispatches route through bounded dispatchShell helper
  ---
  duration_ms: 0.6251
  type: 'test'
  ...
# Subtest: dispatchShell sets a bounded maxTurns = commands + 1
ok 230 - dispatchShell sets a bounded maxTurns = commands + 1
  ---
  duration_ms: 0.7678
  type: 'test'
  ...
# Subtest: shell prompt forbids retries / re-runs (single-attempt contract)
ok 231 - shell prompt forbids retries / re-runs (single-attempt contract)
  ---
  duration_ms: 0.9064
  type: 'test'
  ...
# Subtest: SKILL.md does not contain stale "four roles" or "four kinds of subagent" language
ok 232 - SKILL.md does not contain stale "four roles" or "four kinds of subagent" language
  ---
  duration_ms: 2.7863
  type: 'test'
  ...
# Subtest: SKILL.md contains 8-role taxonomy with sprint-core and lifecycle-support groupings
ok 233 - SKILL.md contains 8-role taxonomy with sprint-core and lifecycle-support groupings
  ---
  duration_ms: 2.1166
  type: 'test'
  ...
# Subtest: SKILL.md includes a dispatch condition for each lifecycle-support role
ok 234 - SKILL.md includes a dispatch condition for each lifecycle-support role
  ---
  duration_ms: 4.2784
  type: 'test'
  ...
# Subtest: SKILL.md must not reference /auto-sprint
ok 235 - SKILL.md must not reference /auto-sprint
  ---
  duration_ms: 4.6343
  type: 'test'
  ...
# Subtest: SKILL.md lifecycle-support roles must not mention /auto-sprint
ok 236 - SKILL.md lifecycle-support roles must not mention /auto-sprint
  ---
  duration_ms: 1.5281
  type: 'test'
  ...
# Subtest: SKILL.md does not leak auto-sprint internals (calibration.json or model-id strings)
ok 237 - SKILL.md does not leak auto-sprint internals (calibration.json or model-id strings)
  ---
  duration_ms: 1.2106
  type: 'test'
  ...
# Subtest: SKILL.md R9 uses tags: ['doer'] for doer member permission selection
ok 238 - SKILL.md R9 uses tags: ['doer'] for doer member permission selection
  ---
  duration_ms: 2.9994
  type: 'test'
  ...
# Subtest: SKILL.md R9 uses tags: ['reviewer'] for reviewer member permission selection
ok 239 - SKILL.md R9 uses tags: ['reviewer'] for reviewer member permission selection
  ---
  duration_ms: 0.4925
  type: 'test'
  ...
# Subtest: SKILL.md dispatch guidance must not contain role: doer or role: reviewer
ok 240 - SKILL.md dispatch guidance must not contain role: doer or role: reviewer
  ---
  duration_ms: 1.0508
  type: 'test'
  ...
# Subtest: SKILL.md R9 states compose_permissions called before dispatch
ok 241 - SKILL.md R9 states compose_permissions called before dispatch
  ---
  duration_ms: 0.8674
  type: 'test'
  ...
# Subtest: SKILL.md R9 rule mentions compose_permissions
ok 242 - SKILL.md R9 rule mentions compose_permissions
  ---
  duration_ms: 0.7748
  type: 'test'
  ...
# Subtest: fleet-addendum.md Permissions section uses tags: ['doer'] for doer members
ok 243 - fleet-addendum.md Permissions section uses tags: ['doer'] for doer members
  ---
  duration_ms: 0.3279
  type: 'test'
  ...
# Subtest: fleet-addendum.md Permissions section uses tags: ['reviewer'] for reviewer members
ok 244 - fleet-addendum.md Permissions section uses tags: ['reviewer'] for reviewer members
  ---
  duration_ms: 0.6579
  type: 'test'
  ...
# Subtest: fleet-addendum.md permission guidance must not contain role: doer or role: reviewer
ok 245 - fleet-addendum.md permission guidance must not contain role: doer or role: reviewer
  ---
  duration_ms: 0.7085
  type: 'test'
  ...
# Subtest: fleet-addendum.md states compose_permissions called before EVERY dispatch
ok 246 - fleet-addendum.md states compose_permissions called before EVERY dispatch
  ---
  duration_ms: 1.4191
  type: 'test'
  ...
# Subtest: doer-reviewer-loop.md Continuity section uses tags: ['doer'] for doer dispatch
ok 247 - doer-reviewer-loop.md Continuity section uses tags: ['doer'] for doer dispatch
  ---
  duration_ms: 1.0412
  type: 'test'
  ...
# Subtest: doer-reviewer-loop.md Continuity section uses tags: ['reviewer'] for reviewer dispatch
ok 248 - doer-reviewer-loop.md Continuity section uses tags: ['reviewer'] for reviewer dispatch
  ---
  duration_ms: 0.4185
  type: 'test'
  ...
# Subtest: doer-reviewer-loop.md dispatch guidance must not contain role: doer or role: reviewer
ok 249 - doer-reviewer-loop.md dispatch guidance must not contain role: doer or role: reviewer
  ---
  duration_ms: 1.4578
  type: 'test'
  ...
# Subtest: doer-reviewer-loop.md preserves git identity pm-doer
ok 250 - doer-reviewer-loop.md preserves git identity pm-doer
  ---
  duration_ms: 0.2128
  type: 'test'
  ...
# Subtest: doer-reviewer-loop.md preserves git identity pm-reviewer
ok 251 - doer-reviewer-loop.md preserves git identity pm-reviewer
  ---
  duration_ms: 0.2888
  type: 'test'
  ...
# Subtest: doer-reviewer-loop.md preserves git identity pm-planner
ok 252 - doer-reviewer-loop.md preserves git identity pm-planner
  ---
  duration_ms: 0.2114
  type: 'test'
  ...
# Subtest: doer-reviewer-loop.md preserves git identity pm-plan-reviewer
ok 253 - doer-reviewer-loop.md preserves git identity pm-plan-reviewer
  ---
  duration_ms: 0.3042
  type: 'test'
  ...
# Subtest: doer-reviewer-loop.md preserves "Per-role prompt templates" section heading
ok 254 - doer-reviewer-loop.md preserves "Per-role prompt templates" section heading
  ---
  duration_ms: 0.1759
  type: 'test'
  ...
# Subtest: doer-reviewer-loop.md preserves planner/plan-reviewer/doer/reviewer template headings
ok 255 - doer-reviewer-loop.md preserves planner/plan-reviewer/doer/reviewer template headings
  ---
  duration_ms: 0.1976
  type: 'test'
  ...
# Subtest: doer-reviewer-loop.md preserves "The loop (the Develop phase of one cycle)" section
ok 256 - doer-reviewer-loop.md preserves "The loop (the Develop phase of one cycle)" section
  ---
  duration_ms: 0.1577
  type: 'test'
  ...
# Subtest: doer-reviewer-loop.md preserves doer-reviewer cycle safeguard table
ok 257 - doer-reviewer-loop.md preserves doer-reviewer cycle safeguard table
  ---
  duration_ms: 0.205
  type: 'test'
  ...
# Subtest: doer-reviewer-loop.md documents tag switch requires fresh dispatch
ok 258 - doer-reviewer-loop.md documents tag switch requires fresh dispatch
  ---
  duration_ms: 0.9262
  type: 'test'
  ...
# Subtest: reviewerModelFor: opus stays opus
ok 259 - reviewerModelFor: opus stays opus
  ---
  duration_ms: 4.696
  type: 'test'
  ...
# Subtest: reviewerModelFor: sonnet gets sonnet
ok 260 - reviewerModelFor: sonnet gets sonnet
  ---
  duration_ms: 0.3041
  type: 'test'
  ...
# Subtest: reviewerModelFor: haiku gets sonnet
ok 261 - reviewerModelFor: haiku gets sonnet
  ---
  duration_ms: 0.2763
  type: 'test'
  ...
# Subtest: computeSprintQuote: empty task list returns zero-cost scenarios
ok 262 - computeSprintQuote: empty task list returns zero-cost scenarios
  ---
  duration_ms: 0.8339
  type: 'test'
  ...
# Subtest: computeSprintQuote: single S-bucket sonnet task
ok 263 - computeSprintQuote: single S-bucket sonnet task
  ---
  duration_ms: 0.42
  type: 'test'
  ...
# Subtest: computeSprintQuote: opus task uses opus price for doer, opus for reviewer
ok 264 - computeSprintQuote: opus task uses opus price for doer, opus for reviewer
  ---
  duration_ms: 0.316
  type: 'test'
  ...
# Subtest: computeSprintQuote: haiku doer gets sonnet reviewer
ok 265 - computeSprintQuote: haiku doer gets sonnet reviewer
  ---
  duration_ms: 0.2724
  type: 'test'
  ...
# Subtest: computeSprintQuote: total scenario scales with cycle multiplier
ok 266 - computeSprintQuote: total scenario scales with cycle multiplier
  ---
  duration_ms: 0.3906
  type: 'test'
  ...
# Subtest: computeSprintQuote: total = outputOnly * inputMultiplier
ok 267 - computeSprintQuote: total = outputOnly * inputMultiplier
  ---
  duration_ms: 0.8076
  type: 'test'
  ...
# Subtest: computeSprintQuote: historical data overrides bucket defaults
ok 268 - computeSprintQuote: historical data overrides bucket defaults
  ---
  duration_ms: 0.9824
  type: 'test'
  ...
# Subtest: computeSprintQuote: missing model falls back to doer_model_fallback
ok 269 - computeSprintQuote: missing model falls back to doer_model_fallback
  ---
  duration_ms: 0.6127
  type: 'test'
  ...
# Subtest: computeSprintAnalysis: groups log entries by role
ok 270 - computeSprintAnalysis: groups log entries by role
  ---
  duration_ms: 54.0139
  type: 'test'
  ...
# Subtest: computeSprintAnalysis: actualCycles passed through
ok 271 - computeSprintAnalysis: actualCycles passed through
  ---
  duration_ms: 0.3861
  type: 'test'
  ...
# Subtest: computeSprintAnalysis: totals are sums of actuals
ok 272 - computeSprintAnalysis: totals are sums of actuals
  ---
  duration_ms: 0.9251
  type: 'test'
  ...
# Subtest: computeSprintAnalysis: analysisText contains markdown table header
ok 273 - computeSprintAnalysis: analysisText contains markdown table header
  ---
  duration_ms: 0.4782
  type: 'test'
  ...
# Subtest: computeSprintAnalysis: analysisText contains outlier/failure lines
ok 274 - computeSprintAnalysis: analysisText contains outlier/failure lines
  ---
  duration_ms: 0.4258
  type: 'test'
  ...
# Subtest: computeSprintAnalysis: null quote handled gracefully (no tasks)
ok 275 - computeSprintAnalysis: null quote handled gracefully (no tasks)
  ---
  duration_ms: 0.4482
  type: 'test'
  ...
# Subtest: computeSprintAnalysis: empty log entries returns zeros for actuals
ok 276 - computeSprintAnalysis: empty log entries returns zeros for actuals
  ---
  duration_ms: 1.8969
  type: 'test'
  ...
# Subtest: computeSprintAnalysis: labels without cycle suffix are grouped to role
ok 277 - computeSprintAnalysis: labels without cycle suffix are grouped to role
  ---
  duration_ms: 0.3553
  type: 'test'
  ...
# Subtest: computeUpdatedCalibration: first sprint sets sprints_sampled to 1
ok 278 - computeUpdatedCalibration: first sprint sets sprints_sampled to 1
  ---
  duration_ms: 0.934
  type: 'test'
  ...
# Subtest: computeUpdatedCalibration: last_updated extracted from startedAt
ok 279 - computeUpdatedCalibration: last_updated extracted from startedAt
  ---
  duration_ms: 0.3162
  type: 'test'
  ...
# Subtest: computeUpdatedCalibration: first sprint cycle_avg equals actualCycles
ok 280 - computeUpdatedCalibration: first sprint cycle_avg equals actualCycles
  ---
  duration_ms: 1.331
  type: 'test'
  ...
# Subtest: computeUpdatedCalibration: second sprint blends cycle_avg
ok 281 - computeUpdatedCalibration: second sprint blends cycle_avg
  ---
  duration_ms: 0.6645
  type: 'test'
  ...
# Subtest: computeUpdatedCalibration: reviewer_ratio_avg computed from doer/reviewer tokens
ok 282 - computeUpdatedCalibration: reviewer_ratio_avg computed from doer/reviewer tokens
  ---
  duration_ms: 0.3727
  type: 'test'
  ...
# Subtest: computeUpdatedCalibration: role avg_output_tokens set on first sprint
ok 283 - computeUpdatedCalibration: role avg_output_tokens set on first sprint
  ---
  duration_ms: 0.2857
  type: 'test'
  ...
# Subtest: computeUpdatedCalibration: rolling blend capped at max_sprints_in_sample
ok 284 - computeUpdatedCalibration: rolling blend capped at max_sprints_in_sample
  ---
  duration_ms: 0.6059
  type: 'test'
  ...
# Subtest: computeUpdatedCalibration: does not mutate original calibration
ok 285 - computeUpdatedCalibration: does not mutate original calibration
  ---
  duration_ms: 0.6154
  type: 'test'
  ...
# Subtest: computeUpdatedCalibration: other calibration fields preserved
ok 286 - computeUpdatedCalibration: other calibration fields preserved
  ---
  duration_ms: 0.3561
  type: 'test'
  ...
# Subtest: computeUpdatedCalibration: skips roles where all dispatches had zero tokens (cached replay)
ok 287 - computeUpdatedCalibration: skips roles where all dispatches had zero tokens (cached replay)
  ---
  duration_ms: 0.3001
  type: 'test'
  ...
# Subtest: accumulateBucketTokens: single doer entry with one task attributes all tokens
ok 288 - accumulateBucketTokens: single doer entry with one task attributes all tokens
  ---
  duration_ms: 0.5442
  type: 'test'
  ...
# Subtest: accumulateBucketTokens: tokens split evenly across listed task IDs
ok 289 - accumulateBucketTokens: tokens split evenly across listed task IDs
  ---
  duration_ms: 0.3163
  type: 'test'
  ...
# Subtest: accumulateBucketTokens: two M-bucket IDs in one entry both counted as M
ok 290 - accumulateBucketTokens: two M-bucket IDs in one entry both counted as M
  ---
  duration_ms: 0.2619
  type: 'test'
  ...
# Subtest: accumulateBucketTokens: ignores non-doer entries
ok 291 - accumulateBucketTokens: ignores non-doer entries
  ---
  duration_ms: 0.2709
  type: 'test'
  ...
# Subtest: accumulateBucketTokens: skips zero-token (cached) doer entries
ok 292 - accumulateBucketTokens: skips zero-token (cached) doer entries
  ---
  duration_ms: 0.215
  type: 'test'
  ...
# Subtest: accumulateBucketTokens: unmappable task IDs are skipped
ok 293 - accumulateBucketTokens: unmappable task IDs are skipped
  ---
  duration_ms: 0.3685
  type: 'test'
  ...
# Subtest: accumulateBucketTokens: aggregates across multiple doer entries
ok 294 - accumulateBucketTokens: aggregates across multiple doer entries
  ---
  duration_ms: 0.2746
  type: 'test'
  ...
# Subtest: computeUpdatedCalibration: populates bucket_avg_tokens for exercised buckets
ok 295 - computeUpdatedCalibration: populates bucket_avg_tokens for exercised buckets
  ---
  duration_ms: 0.322
  type: 'test'
  ...
# Subtest: computeUpdatedCalibration: blends bucket_avg_tokens against prior history
ok 296 - computeUpdatedCalibration: blends bucket_avg_tokens against prior history
  ---
  duration_ms: 0.3687
  type: 'test'
  ...
# Subtest: computeUpdatedCalibration: bucket join populated value flows into computeSprintQuote
ok 297 - computeUpdatedCalibration: bucket join populated value flows into computeSprintQuote
  ---
  duration_ms: 0.3152
  type: 'test'
  ...
# Subtest: computeUpdatedCalibration: no doer log entries leaves bucket_avg_tokens unchanged
ok 298 - computeUpdatedCalibration: no doer log entries leaves bucket_avg_tokens unchanged
  ---
  duration_ms: 0.2522
  type: 'test'
  ...
# Subtest: computeSprintQuote: _doc strings in calibration.json do not cause NaN
ok 299 - computeSprintQuote: _doc strings in calibration.json do not cause NaN
  ---
  duration_ms: 0.4156
  type: 'test'
  ...
# Subtest: computeSprintAnalysis: _doc strings in calibration.json do not cause NaN
ok 300 - computeSprintAnalysis: _doc strings in calibration.json do not cause NaN
  ---
  duration_ms: 0.3979
  type: 'test'
  ...
# Subtest: buildSprintSummary: returns summaryText string
ok 301 - buildSprintSummary: returns summaryText string
  ---
  duration_ms: 0.7472
  type: 'test'
  ...
# Subtest: buildSprintSummary: reviewer outlier produces a suggestion (non-doer role fix)
ok 302 - buildSprintSummary: reviewer outlier produces a suggestion (non-doer role fix)
  ---
  duration_ms: 0.6114
  type: 'test'
  ...
# Subtest: buildSprintSummary: doer-only outlier produces suggestion but reviewer (within range) does not
ok 303 - buildSprintSummary: doer-only outlier produces suggestion but reviewer (within range) does not
  ---
  duration_ms: 0.3325
  type: 'test'
  ...
# Subtest: buildSprintSummary: overhead role outlier produces suggestion
ok 304 - buildSprintSummary: overhead role outlier produces suggestion
  ---
  duration_ms: 0.614
  type: 'test'
  ...
# Subtest: buildSprintSummary: no outliers => no-outliers message
ok 305 - buildSprintSummary: no outliers => no-outliers message
  ---
  duration_ms: 0.8513
  type: 'test'
  ...
# Subtest: buildSprintSummary: null analysis returns graceful summary
ok 306 - buildSprintSummary: null analysis returns graceful summary
  ---
  duration_ms: 0.328
  type: 'test'
  ...
# Subtest: buildExecutionSummary: returns markdown with required sections
ok 307 - buildExecutionSummary: returns markdown with required sections
  ---
  duration_ms: 2.6238
  type: 'test'
  ...
# Subtest: buildExecutionSummary: detects failures and retries
ok 308 - buildExecutionSummary: detects failures and retries
  ---
  duration_ms: 0.4972
  type: 'test'
  ...
# Subtest: buildExecutionSummary: timing best-effort with timestamps
ok 309 - buildExecutionSummary: timing best-effort with timestamps
  ---
  duration_ms: 0.8048
  type: 'test'
  ...
# Subtest: buildExecutionSummary: timing n/a when no timestamps
ok 310 - buildExecutionSummary: timing n/a when no timestamps
  ---
  duration_ms: 0.6577
  type: 'test'
  ...
# Subtest: buildExecutionSummary: goalMet=false lists risks
ok 311 - buildExecutionSummary: goalMet=false lists risks
  ---
  duration_ms: 0.4266
  type: 'test'
  ...
# Subtest: buildExecutionSummary: empty log still returns valid section
ok 312 - buildExecutionSummary: empty log still returns valid section
  ---
  duration_ms: 0.3585
  type: 'test'
  ...
# Subtest: buildExecutionSummary: returns string containing Sprint Execution Summary heading
ok 313 - buildExecutionSummary: returns string containing Sprint Execution Summary heading
  ---
  duration_ms: 7.2304
  type: 'test'
  ...
# Subtest: buildExecutionSummary: per-phase breakdown section is present
ok 314 - buildExecutionSummary: per-phase breakdown section is present
  ---
  duration_ms: 0.8098
  type: 'test'
  ...
# Subtest: buildExecutionSummary: all four phase names appear in output
ok 315 - buildExecutionSummary: all four phase names appear in output
  ---
  duration_ms: 2.1795
  type: 'test'
  ...
# Subtest: buildExecutionSummary: Develop phase sums outTokens for all its entries
ok 316 - buildExecutionSummary: Develop phase sums outTokens for all its entries
  ---
  duration_ms: 4.5756
  type: 'test'
  ...
# Subtest: buildExecutionSummary: per-phase cost totals appear in output
ok 317 - buildExecutionSummary: per-phase cost totals appear in output
  ---
  duration_ms: 0.7951
  type: 'test'
  ...
# Subtest: buildExecutionSummary: dispatch count per phase is accurate
ok 318 - buildExecutionSummary: dispatch count per phase is accurate
  ---
  duration_ms: 0.4611
  type: 'test'
  ...
# Subtest: buildExecutionSummary: cycleCount appears in output
ok 319 - buildExecutionSummary: cycleCount appears in output
  ---
  duration_ms: 0.4156
  type: 'test'
  ...
# Subtest: buildExecutionSummary: develop iterations noted when multiple iter-c*-i* labels present
ok 320 - buildExecutionSummary: develop iterations noted when multiple iter-c*-i* labels present
  ---
  duration_ms: 0.4431
  type: 'test'
  ...
# Subtest: buildExecutionSummary: reviewer feedback round noted when CHANGES NEEDED label present
ok 321 - buildExecutionSummary: reviewer feedback round noted when CHANGES NEEDED label present
  ---
  duration_ms: 1.168
  type: 'test'
  ...
# Subtest: buildExecutionSummary: goalMet=false section is present (not suppressed)
ok 322 - buildExecutionSummary: goalMet=false section is present (not suppressed)
  ---
  duration_ms: 1.0924
  type: 'test'
  ...
# Subtest: buildExecutionSummary: goalMet=false lists open issue ids
ok 323 - buildExecutionSummary: goalMet=false lists open issue ids
  ---
  duration_ms: 0.5052
  type: 'test'
  ...
# Subtest: buildExecutionSummary: goalMet=false shows task count and goal text
ok 324 - buildExecutionSummary: goalMet=false shows task count and goal text
  ---
  duration_ms: 0.321
  type: 'test'
  ...
# Subtest: buildExecutionSummary: goalMet=false risks section is non-empty
ok 325 - buildExecutionSummary: goalMet=false risks section is non-empty
  ---
  duration_ms: 0.4749
  type: 'test'
  ...
# Subtest: buildExecutionSummary: goalMet=true risks section shows none
ok 326 - buildExecutionSummary: goalMet=true risks section shows none
  ---
  duration_ms: 0.5081
  type: 'test'
  ...
# Subtest: buildExecutionSummary: empty logEntries does not throw
ok 327 - buildExecutionSummary: empty logEntries does not throw
  ---
  duration_ms: 0.4709
  type: 'test'
  ...
# Subtest: buildExecutionSummary: empty logEntries returns string with heading
ok 328 - buildExecutionSummary: empty logEntries returns string with heading
  ---
  duration_ms: 0.2209
  type: 'test'
  ...
# Subtest: buildExecutionSummary: empty logEntries shows all phases with zero dispatches
ok 329 - buildExecutionSummary: empty logEntries shows all phases with zero dispatches
  ---
  duration_ms: 0.2778
  type: 'test'
  ...
# Subtest: buildExecutionSummary: empty logEntries uses n/a timing marker instead of crashing
ok 330 - buildExecutionSummary: empty logEntries uses n/a timing marker instead of crashing
  ---
  duration_ms: 0.2393
  type: 'test'
  ...
# Subtest: buildExecutionSummary: null logEntries handled gracefully
ok 331 - buildExecutionSummary: null logEntries handled gracefully
  ---
  duration_ms: 0.2578
  type: 'test'
  ...
# Subtest: buildExecutionSummary is called in the Harvest flow before the harvester dispatch
ok 332 - buildExecutionSummary is called in the Harvest flow before the harvester dispatch
  ---
  duration_ms: 0.2575
  type: 'test'
  ...
# Subtest: buildExecutionSummary output is appended to sprintSummary.summaryText
ok 333 - buildExecutionSummary output is appended to sprintSummary.summaryText
  ---
  duration_ms: 0.3579
  type: 'test'
  ...
# Subtest: harvester dispatch receives sprintSummary.summaryText (which includes execution summary)
ok 334 - harvester dispatch receives sprintSummary.summaryText (which includes execution summary)
  ---
  duration_ms: 0.2643
  type: 'test'
  ...
# Subtest: JS fallback path writes sprintSummary.summaryText (which includes execution summary)
ok 335 - JS fallback path writes sprintSummary.summaryText (which includes execution summary)
  ---
  duration_ms: 0.2547
  type: 'test'
  ...
# Subtest: buildExecutionSummary output reaches .analysis.md on both harvester and fallback paths
ok 336 - buildExecutionSummary output reaches .analysis.md on both harvester and fallback paths
  ---
  duration_ms: 0.3607
  type: 'test'
  ...
# Subtest: appendNewEntries uses __FLUSH_TS__ placeholder, not the static sprint-start timestamp
ok 337 - appendNewEntries uses __FLUSH_TS__ placeholder, not the static sprint-start timestamp
  ---
  duration_ms: 2.6855
  type: 'test'
  ...
# Subtest: appendNewEntries prompts the log-append agent to run date for local wall-clock time
ok 338 - appendNewEntries prompts the log-append agent to run date for local wall-clock time
  ---
  duration_ms: 0.5245
  type: 'test'
  ...
# Subtest: appendNewEntries instructs agent to substitute __FLUSH_TS__ before appending
ok 339 - appendNewEntries instructs agent to substitute __FLUSH_TS__ before appending
  ---
  duration_ms: 0.4513
  type: 'test'
  ...
# Subtest: appendNewEntries prompt explicitly forbids commit and push
ok 340 - appendNewEntries prompt explicitly forbids commit and push
  ---
  duration_ms: 0.7211
  type: 'test'
  ...
# Subtest: appendNewEntries dispatch is fire-and-forget (not awaited)
ok 341 - appendNewEntries dispatch is fire-and-forget (not awaited)
  ---
  duration_ms: 0.5186
  type: 'test'
  ...
# Subtest: appendNewEntries prompt instructs writing to sprintLogFile (disk write)
ok 342 - appendNewEntries prompt instructs writing to sprintLogFile (disk write)
  ---
  duration_ms: 0.5823
  type: 'test'
  ...
# Subtest: beads-export-cleanup prompt has "git add sprint-logs/" as first staged step
ok 343 - beads-export-cleanup prompt has "git add sprint-logs/" as first staged step
  ---
  duration_ms: 0.4131
  type: 'test'
  ...
# Subtest: beads-export-cleanup stages sprint-logs/ before beads export and commit
ok 344 - beads-export-cleanup stages sprint-logs/ before beads export and commit
  ---
  duration_ms: 0.3772
  type: 'test'
  ...
# Subtest: beads-export-cleanup step 1 is unconditional (no "if" guard around git add sprint-logs)
ok 345 - beads-export-cleanup step 1 is unconditional (no "if" guard around git add sprint-logs)
  ---
  duration_ms: 0.8734
  type: 'test'
  ...
# Subtest: meta record source contains required fields: type meta, transcriptDir, branch, roots, goal, ts
ok 346 - meta record source contains required fields: type meta, transcriptDir, branch, roots, goal, ts
  ---
  duration_ms: 2.7461
  type: 'test'
  ...
# Subtest: meta record is written before the sprint loop (genuine first JSONL entry)
ok 347 - meta record is written before the sprint loop (genuine first JSONL entry)
  ---
  duration_ms: 0.5888
  type: 'test'
  ...
# Subtest: computeSprintAnalysis: type=meta entry with no label is excluded from byRole
ok 348 - computeSprintAnalysis: type=meta entry with no label is excluded from byRole
  ---
  duration_ms: 53.9628
  type: 'test'
  ...
# Subtest: computeSprintAnalysis: meta entry does not inflate token or cost totals
ok 349 - computeSprintAnalysis: meta entry does not inflate token or cost totals
  ---
  duration_ms: 0.961
  type: 'test'
  ...
# Subtest: computeSprintAnalysis: meta entry with empty label does not create phantom role
ok 350 - computeSprintAnalysis: meta entry with empty label does not create phantom role
  ---
  duration_ms: 0.8816
  type: 'test'
  ...
# Subtest: computeSprintAnalysis: analysisText is unaffected by presence of meta entry
ok 351 - computeSprintAnalysis: analysisText is unaffected by presence of meta entry
  ---
  duration_ms: 0.61
  type: 'test'
  ...
# Subtest: truncateStreakToCeiling: all-L streak over ceiling is truncated to prefix with sum <= ceiling
ok 352 - truncateStreakToCeiling: all-L streak over ceiling is truncated to prefix with sum <= ceiling
  ---
  duration_ms: 4.2653
  type: 'test'
  ...
# Subtest: truncateStreakToCeiling: streak that fits under ceiling is returned unchanged
ok 353 - truncateStreakToCeiling: streak that fits under ceiling is returned unchanged
  ---
  duration_ms: 0.7731
  type: 'test'
  ...
# Subtest: truncateStreakToCeiling: single task over ceiling still returns that one task (never empty)
ok 354 - truncateStreakToCeiling: single task over ceiling still returns that one task (never empty)
  ---
  duration_ms: 0.5252
  type: 'test'
  ...
# Subtest: truncateStreakToCeiling: returns an in-order prefix, not a reordered subset
ok 355 - truncateStreakToCeiling: returns an in-order prefix, not a reordered subset
  ---
  duration_ms: 0.5209
  type: 'test'
  ...
1..355
# tests 358
# suites 1
# pass 342
# fail 16
# cancelled 0
# skipped 0
# todo 0
# duration_ms 1395.0401
